// Jest Snapshot v1, https://goo.gl/fbAQLP

exports[`FormTemplate should render with all props 1`] = `
<div
  class="ui-lib-viewport ui-lib-viewport_lg"
>
  <div
    class="container"
  >
    <div
      class="ant-row ui-lib-grid-row ui-lib-grid-row "
      style="margin-left: -10px; margin-right: -10px;"
    >
      <div
        class="ant-col ui-lib-grid-col ui-lib-grid-col-0 ui-lib-grid-col  ui-lib-grid-col-xs-24 ui-lib-grid-col-sm-24 ui-lib-grid-col-md-24 ui-lib-grid-col-lg-16 ui-lib-grid-col-xl-18"
        style="padding-left: 10px; padding-right: 10px;"
      >
        <div
          class="head-section"
        >
          <h3
            class="head-section__title"
          >
            subTitle
          </h3>
          <p
            class="head-section__description"
          >
            desc
          </p>
        </div>
        <div
          class="radio-container"
        >
          <div
            class="ui-lib-radio-group ui-lib-radio-group_horizontal-align"
          >
            
            <div
              class="ui-lib-radio-group__items"
            >
              <label
                class="ui-lib-radio ui-lib-radio_h5"
                for="uil_radio_button.1"
              >
                <input
                  checked=""
                  class="ui-lib-radio__input"
                  data-index="0"
                  id="uil_radio_button.1"
                  name=""
                  type="radio"
                  value="CATEGORY"
                />
                <div
                  class="ui-lib-radio__box ui-lib-radio__box_checked"
                >
                  <div
                    class="ui-lib-radio__box-dot"
                  />
                </div>
                <div>
                  <h5
                    class="ui-lib-radio-label ui-lib-radio-label_h5"
                  >
                    label.businessActivity
                  </h5>
                  
                </div>
              </label>
              <label
                class="ui-lib-radio ui-lib-radio_h5"
                for="uil_radio_button.2"
              >
                <input
                  class="ui-lib-radio__input"
                  data-index="1"
                  id="uil_radio_button.2"
                  name=""
                  type="radio"
                  value="NAME"
                />
                <div
                  class="ui-lib-radio__box"
                >
                  <div
                    class="ui-lib-radio__box-dot"
                  />
                </div>
                <div>
                  <h5
                    class="ui-lib-radio-label ui-lib-radio-label_h5"
                  >
                    label.activityName
                  </h5>
                  
                </div>
              </label>
            </div>
          </div>
        </div>
        <form
          class="ui-lib-form qa-form"
          id=""
        >
          
          <div>
            SearchInput
            CategoryInput
            <div
              style="height: 40px;"
            />
            <div
              class="spinner-wrapper"
            >
              <div
                class="ui-lib-spinner qa-spinner ui-lib-spinner_logo"
              />
            </div>
            AlertComponent
            ActivityTable
            PaginationActivity
          </div>
          <div
            class="ui-lib-form__controls"
          >
            <div
              class="ui-lib-form__controls-buttons"
            >
              <button
                aria-label="button"
                class="ui-lib-button qa-button ui-lib-button_secondary ui-lib-button_default ui-lib-button_icon-start ui-lib-button_space-between ui-lib-button_with-icon"
                type="button"
              >
                button.back
                <svg
                  class="ui-lib-button__icon ui-lib-icon"
                  data-key=""
                  height="24"
                  version="1.1"
                  viewBox="0 0 24 24"
                  width="24"
                  xmlns="http://www.w3.org/2000/svg"
                >
                  <title />
                  <path
                    d="M22.548,10.561H5.437a.251.251,0,0,1-.165-.438l8.637-7.6a1.44,1.44,0,0,0-1.9-2.162L.828,10.2a2.4,2.4,0,0,0,0,3.6l11.179,9.837a1.44,1.44,0,0,0,1.9-2.161l-8.637-7.6a.251.251,0,0,1,.165-.438H22.548a1.44,1.44,0,0,0,0-2.879Z"
                  />
                </svg>
              </button>
              <button
                aria-label="button"
                class="ui-lib-button qa-button ui-lib-button_primary ui-lib-button_default ui-lib-button_icon-end ui-lib-button_space-between ui-lib-button_with-icon"
                type="button"
              >
                button.next
                <svg
                  class="ui-lib-button__icon ui-lib-icon"
                  data-key=""
                  height="24"
                  version="1.1"
                  viewBox="0 0 24 24"
                  width="24"
                  xmlns="http://www.w3.org/2000/svg"
                >
                  <title />
                  <path
                    d="M23.987,12a2.411,2.411,0,0,0-.814-1.8L11.994.361a1.44,1.44,0,0,0-1.9,2.162l8.637,7.6a.25.25,0,0,1-.165.437H1.452a1.44,1.44,0,0,0,0,2.88H18.563a.251.251,0,0,1,.165.438l-8.637,7.6a1.44,1.44,0,1,0,1.9,2.161L23.172,13.8A2.409,2.409,0,0,0,23.987,12Z"
                  />
                </svg>
              </button>
            </div>
          </div>
        </form>
        <div
          style="height: 60px;"
        />
      </div>
      <div
        class="ant-col ui-lib-grid-col ui-lib-grid-col-0 ui-lib-grid-col  ui-lib-grid-col-xs-24 ui-lib-grid-col-sm-24 ui-lib-grid-col-md-24 ui-lib-grid-col-lg-8 ui-lib-grid-col-xl-6"
        style="padding-left: 10px; padding-right: 10px;"
      >
        <div
          class="sidebar"
        >
          <h6
            style="font-size: 20px; font-weight: normal; margin-bottom: 5px; color: rgb(22, 16, 56);"
          >
            aspectOfLife
          </h6>
          <h4
            style="margin-bottom: 6rem; font-size: 24px; color: rgb(22, 16, 56);"
          >
            manage_business
          </h4>
          <div
            class="ui-lib-relevant-entity"
          >
            <h5
              class="ui-lib-relevant-entity__title"
            >
              relevant_entity
            </h5>
            <img
              alt="relevant_entity logo"
              class="ui-lib-relevant-entity__logo"
              src="/images/DED-logo.png"
            />
            <div
              class="ui-lib-relevant-entity__sub-title"
            >
              departmentOfEconomicDevelopment
            </div>
            <div
              class="ui-lib-relevant-entity__address"
            >
              departmentOfEconomicDevelopment.address
            </div>
            <div
              class="ui-lib-relevant-entity__labeled-area"
            >
              <div
                class="ui-lib-label"
              >
                phone
              </div>
              <div
                class="ui-lib-relevant-entity__labeled-area-value ui-lib-relevant-entity__labeled-area-value_ltr"
                x-apple-data-detectors="false"
              >
                +971 2 815 8888
              </div>
            </div>
            <div
              class="ui-lib-relevant-entity__labeled-area"
            >
              <div
                class="ui-lib-label"
              >
                email
              </div>
              <div
                class="ui-lib-relevant-entity__labeled-area-value ui-lib-relevant-entity__labeled-area-value_underlined"
                x-apple-data-detectors="false"
              >
                <a
                  class="ui-lib-relevant-entity__link"
                  href="mailto:info@adeconomy.ae"
                  rel="noopener noreferrer"
                  target="_blank"
                >
                  info@adeconomy.ae
                </a>
              </div>
            </div>
            <div
              class="ui-lib-relevant-entity__labeled-area"
            >
              <div
                class="ui-lib-label"
              >
                website
              </div>
              <div
                class="ui-lib-relevant-entity__labeled-area-value ui-lib-relevant-entity__labeled-area-value_underlined"
                x-apple-data-detectors="false"
              >
                <a
                  class="ui-lib-relevant-entity__link"
                  href="https://added.gov.ae"
                  rel="noopener noreferrer"
                  target="_blank"
                >
                  https://added.gov.ae
                </a>
              </div>
            </div>
            <div
              class="ui-lib-relevant-entity__labeled-area"
            >
              <div
                class="ui-lib-label"
              >
                office hours
              </div>
              <div
                class="ui-lib-relevant-entity__labeled-area-value"
                x-apple-data-detectors="false"
              >
                departmentOfEconomicDevelopment.workingTime
              </div>
            </div>
            
          </div>
          <div
            class="hidden-md"
            style="height: 60px;"
          />
        </div>
      </div>
    </div>
  </div>
</div>
`;
